# Ref

- MongoDB: The Definitive Guide, 2nd Edition: http://shop.oreilly.com/product/0636920028031.do

# Install mongoDB

Here is the steps on Mac OS X.

## Commands

    brew install mongodb
    (optional) brew upgrade mongodb
    brew services start mongodb, or 
    (optional) mongod --config /usr/local/etc/mongod.conf
    mongo
    (optional) http://localhost:27017/

## Details

### install

    $ brew install mongodb
    Updating Homebrew...
    ==> Auto-updated Homebrew!
    Updated 1 tap (homebrew/services).
    No changes to formulae.

    ==> Downloading https://homebrew.bintray.com/bottles/mongodb-3.4.7.el_capitan.bottle.1.tar.gz
    Already downloaded: /Users/tester/Library/Caches/Homebrew/mongodb-3.4.7.el_capitan.bottle.1.tar.gz
    ==> Pouring mongodb-3.4.7.el_capitan.bottle.1.tar.gz
    ==> Caveats
    To have launchd start mongodb now and restart at login:
      brew services start mongodb
    Or, if you don't want/need a background service you can just run:
      mongod --config /usr/local/etc/mongod.conf
    ==> Summary
    ğŸº  /usr/local/Cellar/mongodb/3.4.7: 19 files, 282.5MB
    $ 

### mongod.conf

    $ cat /usr/local/etc/mongod.conf
    systemLog:
      destination: file
      path: /usr/local/var/log/mongodb/mongo.log
      logAppend: true
    storage:
      dbPath: /usr/local/var/mongodb
    net:
      bindIp: 127.0.0.1
    $ ls -l /usr/local/var/mongodb/
    $ 

å·²ç»åˆ›å»ºäº†ç¼ºçœçš„æ•°æ®åº“ç›®å½•ã€‚

### servcie

    $ brew services start mongodb
    ==> Successfully started `mongodb` (label: homebrew.mxcl.mongodb)
    $ 

### mongo commands

    $ mongo
    MongoDB shell version v3.4.7
    connecting to: mongodb://127.0.0.1:27017
    MongoDB server version: 3.4.7
    Server has startup warnings: 
    ...  [initandlisten] 
    ...  [initandlisten] ** WARNING: Access control is not enabled for the database.
    ...  [initandlisten] **          Read and write access to data and configuration is unrestricted.
    ...  [initandlisten] 
    > show dbs
    admin  0.000GB
    local  0.000GB
    > exit
    bye
    $ 

# Shell

mongoå¯åŠ¨çš„æ˜¯MongoDB Shellï¼Œè¿›å…¥äº¤äº’å¼æ¨¡å¼ã€‚

## JavaScript

shellæ¨¡å¼ä¸‹ï¼Œå¯ä»¥æ‰§è¡ŒJavaScriptç¨‹åºã€‚

    > 34+3
    37
    > print("Hello");
    Hello
    > function foo(x, y) {
    ... return x + y;
    ... }
    > 
    > foo(3, 5)
    8
    > 

## db

shellé™¤äº†JavaScriptè¯­æ³•ï¼Œè¿˜æœ‰å…¶ä»–çš„è¯­æ³•ï¼Œç”¨äºæ”¯æŒæ•°æ®åº“çš„æ“ä½œã€‚

MongoDB shellå¯åŠ¨åï¼Œä¼šè¿æ¥æœåŠ¡å™¨çš„testæ•°æ®åº“ï¼Œå¹¶å°†è¿™ä¸ªæœåŠ¡å™¨è¿æ¥èµ‹å€¼ç»™å…¨å±€å˜é‡dbã€‚

- æŸ¥è¯¢å½“å‰çš„æ•°æ®åº“

    > db
    test
    > 

- åˆ‡æ¢æ•°æ®åº“

    > use my_test_db
    switched to db my_test_db
    > db
    my_test_db
    > 

## CRUD

### Insert

    > employee = {"name":"Tom", "age":25}
    { "name" : "Tom", "age" : 25 }
    > db.employees.insert(employee)
    WriteResult({ "nInserted" : 1 })
    > db.employees.find()
    { "_id" : ObjectId("59e9914386dc8e1612f51d23"), "name" : "Tom", "age" : 25 }
    > 

### Read

    > employee = {"name":"Jerry", "age":26}
    { "name" : "Jerry", "age" : 26 }
    > db.employees.insert(employee)
    WriteResult({ "nInserted" : 1 })
    > db.employees.find()
    { "_id" : ObjectId("59e9914386dc8e1612f51d23"), "name" : "Tom", "age" : 25 }
    { "_id" : ObjectId("59e9921986dc8e1612f51d24"), "name" : "Jerry", "age" : 26 }
    > db.employees.findOne()
    { "_id" : ObjectId("59e9914386dc8e1612f51d23"), "name" : "Tom", "age" : 25 }
    > 

Key Points:

- find(): è¿”å›å¤šæ¡æ–‡æ¡£ï¼›æœ€å¤š20æ¡ã€‚
- findOne(): ä»…è¿”å›ä¸€æ¡ã€‚

### Update

    > jerry = {"name":"Jerry", "age":26, "hobby":"Swimming"}
    { "name" : "Jerry", "age" : 26, "hobby" : "Swimming" }
    > db.employees.find({name:"Jerry"})
    { "_id" : ObjectId("59e9921986dc8e1612f51d24"), "name" : "Jerry", "age" : 26 }
    > db.employees.update({name:"Jerry"}, jerry)
    WriteResult({ "nMatched" : 1, "nUpserted" : 0, "nModified" : 1 })
    > db.employees.find({name:"Jerry"})
    { "_id" : ObjectId("59e9921986dc8e1612f51d24"), "name" : "Jerry", "age" : 26, "hobby" : "Swimming" }
    > 

### Delete/Remove

    > db.employees.find({name:"Tom"})
    { "_id" : ObjectId("59e9914386dc8e1612f51d23"), "name" : "Tom", "age" : 25 }
    > 
    > db.employees.remove({name:"Tom"})
    WriteResult({ "nRemoved" : 1 })
    > db.employees.find({name:"Tom"})
    > 

# Connect

## host:port/db

å¯åŠ¨shellçš„æ—¶å€™ï¼ŒæŒ‡å®šæ•°æ®åº“æœåŠ¡å™¨å’Œæ•°æ®åº“åç§°ã€‚

    $ mongo localhost:27017/my_test_db
    MongoDB shell version v3.4.7
    connecting to: mongodb://localhost:27017/my_test_db
    MongoDB server version: 3.4.7
    Server has startup warnings: 
    2017-10-20T10:50:01.642+0800 I CONTROL  [initandlisten] 
    2017-10-20T10:50:01.642+0800 I CONTROL  [initandlisten] ** WARNING: Access control is not enabled for the database.
    2017-10-20T10:50:01.642+0800 I CONTROL  [initandlisten] **          Read and write access to data and configuration is unrestricted.
    2017-10-20T10:50:01.642+0800 I CONTROL  [initandlisten] 
    > db
    my_test_db
    > db.employees.find()
    { "_id" : ObjectId("59e9921986dc8e1612f51d24"), "name" : "Jerry", "age" : 26, "hobby" : "Swimming" }
    > exit
    bye
    $ 


## nodb

å¯åŠ¨shellæ—¶ä¸æŒ‡å®šä»»ä½•æ•°æ®åº“ã€‚

    $ mongo --nodb
    MongoDB shell version v3.4.7
    > db
    2017-10-20T15:29:35.979+0800 E QUERY    [thread1] ReferenceError: db is not defined :
    @(shell):1:1
    > conn = new Mongo("localhost:27017")
    connection to localhost:27017
    > db = conn.getDB("my_test_db")
    my_test_db
    > db.employees.find()
    { "_id" : ObjectId("59e9921986dc8e1612f51d24"), "name" : "Jerry", "age" : 26, "hobby" : "Swimming" }
    > exit
    bye
    $ 

# help

## help

    $ mongo --nodb
    MongoDB shell version v3.4.7
    > help
        db.help()                    help on db methods
        db.mycoll.help()             help on collection methods
        sh.help()                    sharding helpers
        rs.help()                    replica set helpers
        help admin                   administrative help
        help connect                 connecting to a db help
        help keys                    key shortcuts
        help misc                    misc things to know
        help mr                      mapreduce

        show dbs                     show database names
        show collections             show collections in current database
        show users                   show users in current database
        show profile                 show most recent system.profile entries with time >= 1ms
        show logs                    show the accessible logger names
        show log [name]              prints out the last segment of log in memory, 'global' is default
        use <db_name>                set current database
        db.foo.find()                list objects in collection foo
        db.foo.find( { a : 1 } )     list objects in foo where a == 1
        it                           result of the last line evaluated; use to further iterate
        DBQuery.shellBatchSize = x   set default number of items to display on shell
        exit                         quit the mongo shell
    > exit
    bye
    $ 

## db help

    $ mongo
    MongoDB shell version v3.4.7
    connecting to: mongodb://127.0.0.1:27017
    MongoDB server version: 3.4.7
    ...
    > db.help()
    DB methods:
        ...
        db.dropDatabase()
        db.eval() - deprecated
        db.fsyncLock() flush data to disk and lock server for backups
        db.fsyncUnlock() unlocks server following a db.fsyncLock()
        db.getCollection(cname) same as db['cname'] or db.cname
        db.getCollectionInfos([filter]) - returns a list that contains the names and options of the db's collections
        db.getCollectionNames()
        ...
        db.stats()
        db.version() current version of the server
    > db.getCollectionNames()
    [ ]
    > exit
    bye
    $
    $ mongo localhost:27017/my_test_db
    MongoDB shell version v3.4.7
    connecting to: mongodb://localhost:27017/my_test_db
    MongoDB server version: 3.4.7
    ...
    > db.getCollectionNames()
    [ "employees" ]
    > exit
    bye
    $ 

## Collection Help

    $ mongo localhost:27017/my_test_db
    ...
    > db.employees.help()
    DBCollection help
        db.employees.find().help() - show DBCursor help
        ...
        db.employees.find([query],[fields]) - query is an optional query filter. fields is optional set of fields to return.
                                                      e.g. db.employees.find( {x:77} , {name:1, x:1} )
        db.employees.find(...).count()
        db.employees.find(...).limit(n)
        db.employees.find(...).skip(n)
        db.employees.find(...).sort(...)
        db.employees.findOne([query], [fields], [options], [readConcern])
        ...
    > exit
    bye
    $ 


## function help

    > db.employees.find
    function (query, fields, limit, skip, batchSize, options) {
        var cursor = new DBQuery(this._mongo,
                                 this._db,
                                 this,
                                 this._fullName,
                                 this._massageObject(query),
                                 fields,
                                 limit,
                                 skip,
                                 batchSize,
                                 options || this.getQueryOptions());
                                 
        var connObj = this.getMongo();
        var readPrefMode = connObj.getReadPrefMode();
        if (readPrefMode != null) {
            cursor.readPref(readPrefMode, connObj.getReadPrefTagSet());
        }
        
        var rc = connObj.getReadConcern();
        if (rc) {
            cursor.readConcern(rc);
        }
        
        return cursor;
    }
    > 
    
# Appendix

## id -u

è·å–å½“å‰ç”¨æˆ·çš„id:

    $ id -u
    502
    $

## Uninstall

    brew uninstall mongodb

## GUI Tools

Robo 3T (formerly Robomongo) is the free lightweight GUI for MongoDB enthusiasts.

- http://www.robomongo.org/

## Command List

    show dbs: æŸ¥çœ‹å·²ç»å­˜åœ¨çš„æ•°æ®åº“
    db: æŸ¥çœ‹å½“å‰è¿æ¥çš„æ•°æ®åº“
    exit

## Connection refused

åœ¨brew install mongodbä¹‹åï¼Œå¦‚æœç«‹å³å¯åŠ¨mongoï¼Œä¼šæç¤ºå¤±è´¥ï¼š

    $ mongo
    MongoDB shell version v3.4.7
    connecting to: mongodb://127.0.0.1:27017
    ... Failed to connect to 127.0.0.1:27017, in(checking socket for error after poll), reason: Connection refused
    ... Error: couldn't connect to server 127.0.0.1:27017, connection attempt failed :
    connect@src/mongo/shell/mongo.js:237:13
    @(connect):1:6
    exception: connect failed

éœ€è¦å…ˆå¯åŠ¨mongodã€‚

## Database Path

é™¤äº†ç¼ºçœçš„æ•°æ®åº“ç›®å½•ï¼Œè¿˜å¯ä»¥ä½¿ç”¨å…¶ä»–çš„ç›®å½•ï¼Œåªéœ€è¦å¯åŠ¨çš„æ—¶å€™ä½¿ç”¨--dbpathé€‰é¡¹å³å¯ã€‚

    mongo --dbpath your_dir_name


